src/interfaces/repositories/IPackageRepository.ts(1,10): error TS2305: Module '"../../models/booking.model.ts"' has no exported member 'IBookingPackage'.
src/interfaces/services/IAdminPhotographerService.ts(2,10): error TS2305: Module '"../../models/booking.model.ts"' has no exported member 'IBookingPackage'.
src/interfaces/services/IPackageAvailabilityService.ts(1,10): error TS2305: Module '"../../models/booking.model.ts"' has no exported member 'IBookingPackage'.
src/models/booking.model.ts(170,26): error TS2552: Cannot find name 'mongooses'. Did you mean 'mongoose'?
src/models/rentalOrder.model.ts(139,26): error TS2552: Cannot find name 'mongooses'. Did you mean 'mongoose'?
src/services/photographer/package.service.ts(4,10): error TS2305: Module '"../../models/booking.model.ts"' has no exported member 'IBookingPackage'.
