src/controller/admin/adminPhotographer.controller.ts(16,8): error TS2307: Cannot find module '../../dto/admin-photographer.dto' or its corresponding type declarations.
src/controller/user/message.controller.ts(186,50): error TS2307: Cannot find module '../../services/external/CloudinaryService' or its corresponding type declarations.
src/controller/user/payment.controller.ts(5,31): error TS2307: Cannot find module '../../services/implementation/booking/StripeService' or its corresponding type declarations.
src/controller/user/portfolio.controller.ts(11,33): error TS2307: Cannot find module '../../services/external/aiCaptionService' or its corresponding type declarations.
src/controller/user/portfolio.controller.ts(12,30): error TS2307: Cannot find module '../../services/external/aiTagService' or its corresponding type declarations.
src/controller/user/portfolio.controller.ts(13,35): error TS2307: Cannot find module '../../services/external/aiSearchService' or its corresponding type declarations.
src/controller/user/rule.controller.ts(2,30): error TS2307: Cannot find module '../../services/implementation/admin/RuleService' or its corresponding type declarations.
src/interfaces/services/IAdminDashboardService.ts(1,45): error TS2307: Cannot find module '../../dto/admin.dashboard.dto' or its corresponding type declarations.
src/interfaces/services/IPackageAvailabilityService.ts(6,8): error TS2307: Cannot find module '../../dto/package-availability.dto' or its corresponding type declarations.
src/interfaces/services/IPhotographerService.ts(6,47): error TS2307: Cannot find module '../../dto/photographer.dashboard.dto' or its corresponding type declarations.
src/routes/ai.routes.ts(8,35): error TS2307: Cannot find module '../services/external/aiSearchService' or its corresponding type declarations.
src/routes/ai.routes.ts(9,34): error TS2307: Cannot find module '../services/external/albumNameService' or its corresponding type declarations.
src/routes/ai.routes.ts(11,49): error TS2307: Cannot find module '../services/external/chatbotService' or its corresponding type declarations.
src/routes/ai.routes.ts(50,41): error TS7006: Parameter 'result' implicitly has an 'any' type.
src/server.ts(29,31): error TS2307: Cannot find module './services/messaging/SocketService' or its corresponding type declarations.
src/server.ts(30,29): error TS2307: Cannot find module './services/common/CronService' or its corresponding type declarations.
src/services/admin/adminDashboard.service.ts(9,40): error TS2307: Cannot find module '../../dto/admin.dashboard.dto' or its corresponding type declarations.
src/services/common/category.service.ts(6,36): error TS2307: Cannot find module '../../repositories/implementation/common/CategoryRepository' or its corresponding type declarations.
src/services/implementation/admin/rule.service.ts(2,33): error TS2307: Cannot find module '../../../repositories/implementation/admin/RuleRepository' or its corresponding type declarations.
src/services/implementation/booking/booking.service.ts(8,37): error TS2307: Cannot find module '../../common/BookingQueueService' or its corresponding type declarations.
src/services/implementation/booking/booking.service.ts(15,36): error TS2307: Cannot find module '../../../dto/package-availability.dto' or its corresponding type declarations.
src/services/messaging/message.service.ts(51,46): error TS2307: Cannot find module './SocketService' or its corresponding type declarations.
src/services/messaging/message.service.ts(89,48): error TS2307: Cannot find module './SocketService' or its corresponding type declarations.
src/services/messaging/message.service.ts(136,46): error TS2307: Cannot find module './SocketService' or its corresponding type declarations.
src/services/messaging/message.service.ts(177,46): error TS2307: Cannot find module './SocketService' or its corresponding type declarations.
src/services/messaging/message.service.ts(231,46): error TS2307: Cannot find module './SocketService' or its corresponding type declarations.
src/services/messaging/message.service.ts(245,48): error TS2307: Cannot find module './SocketService' or its corresponding type declarations.
src/services/photographer/availability.service.ts(3,36): error TS2307: Cannot find module '../../dto/package-availability.dto' or its corresponding type declarations.
src/services/photographer/package.service.ts(3,52): error TS2307: Cannot find module '../../dto/package-availability.dto' or its corresponding type declarations.
src/services/photographer/photographer.service.ts(8,47): error TS2307: Cannot find module '../../dto/photographer.dashboard.dto' or its corresponding type declarations.
src/services/rental/rentalFinance.service.ts(10,31): error TS2307: Cannot find module '../implementation/booking/StripeService' or its corresponding type declarations.
src/services/rental/rentalFinance.service.ts(13,28): error TS2307: Cannot find module '../implementation/common/PdfService' or its corresponding type declarations.
src/services/rental/rentalOrder.service.ts(16,31): error TS2307: Cannot find module '../implementation/booking/StripeService' or its corresponding type declarations.
src/services/rental/rentalPayment.service.ts(7,31): error TS2307: Cannot find module '../implementation/booking/StripeService' or its corresponding type declarations.
src/services/user/user.service.ts(14,31): error TS2307: Cannot find module '../external/S3FileService' or its corresponding type declarations.
